13:36:14 **** Incremental Build of configuration Debug for project EDF_Scheduler_Project ****
Info: Internal Builder is used for build
arm-atollic-eabi-gcc -c ..\FreeRTOS_Source\portable\MemMang\heap_4.c -mthumb -mcpu=cortex-m4 -mfloat-abi=softfp -mfpu=fpv4-sp-d16 -std=gnu11 -DUSE_STM32F4_DISCOVERY -DHSE_VALUE=8000000 -DSTM32F4XX -DUSE_STDPERIPH_DRIVER -I../src -I../Libraries/CMSIS/Include -I../Libraries/Device/STM32F4xx/Include -I../Libraries/STM32F4xx_StdPeriph_Driver/inc -I../Utilities/STM32F4-Discovery -I../FreeRTOS_Source/include -I../FreeRTOS_Source/portable/GCC/ARM_CM4F -O0 -ffunction-sections -fdata-sections -g -fstack-usage -Wall -specs=nano.specs -o FreeRTOS_Source\portable\MemMang\heap_4.o 
arm-atollic-eabi-gcc -c ..\Libraries\STM32F4xx_StdPeriph_Driver\src\stm32f4xx_wwdg.c -mthumb -mcpu=cortex-m4 -mfloat-abi=softfp -mfpu=fpv4-sp-d16 -std=gnu11 -DUSE_STM32F4_DISCOVERY -DHSE_VALUE=8000000 -DSTM32F4XX -DUSE_STDPERIPH_DRIVER -I../src -I../Libraries/CMSIS/Include -I../Libraries/Device/STM32F4xx/Include -I../Libraries/STM32F4xx_StdPeriph_Driver/inc -I../Utilities/STM32F4-Discovery -I../FreeRTOS_Source/include -I../FreeRTOS_Source/portable/GCC/ARM_CM4F -O0 -ffunction-sections -fdata-sections -g -fstack-usage -Wall -specs=nano.specs -o Libraries\STM32F4xx_StdPeriph_Driver\src\stm32f4xx_wwdg.o 
arm-atollic-eabi-gcc -c ..\Libraries\STM32F4xx_StdPeriph_Driver\src\stm32f4xx_iwdg.c -mthumb -mcpu=cortex-m4 -mfloat-abi=softfp -mfpu=fpv4-sp-d16 -std=gnu11 -DUSE_STM32F4_DISCOVERY -DHSE_VALUE=8000000 -DSTM32F4XX -DUSE_STDPERIPH_DRIVER -I../src -I../Libraries/CMSIS/Include -I../Libraries/Device/STM32F4xx/Include -I../Libraries/STM32F4xx_StdPeriph_Driver/inc -I../Utilities/STM32F4-Discovery -I../FreeRTOS_Source/include -I../FreeRTOS_Source/portable/GCC/ARM_CM4F -O0 -ffunction-sections -fdata-sections -g -fstack-usage -Wall -specs=nano.specs -o Libraries\STM32F4xx_StdPeriph_Driver\src\stm32f4xx_iwdg.o 
arm-atollic-eabi-gcc -c ..\Libraries\STM32F4xx_StdPeriph_Driver\src\stm32f4xx_flash.c -mthumb -mcpu=cortex-m4 -mfloat-abi=softfp -mfpu=fpv4-sp-d16 -std=gnu11 -DUSE_STM32F4_DISCOVERY -DHSE_VALUE=8000000 -DSTM32F4XX -DUSE_STDPERIPH_DRIVER -I../src -I../Libraries/CMSIS/Include -I../Libraries/Device/STM32F4xx/Include -I../Libraries/STM32F4xx_StdPeriph_Driver/inc -I../Utilities/STM32F4-Discovery -I../FreeRTOS_Source/include -I../FreeRTOS_Source/portable/GCC/ARM_CM4F -O0 -ffunction-sections -fdata-sections -g -fstack-usage -Wall -specs=nano.specs -o Libraries\STM32F4xx_StdPeriph_Driver\src\stm32f4xx_flash.o 
arm-atollic-eabi-gcc -c ..\Libraries\STM32F4xx_StdPeriph_Driver\src\stm32f4xx_dbgmcu.c -mthumb -mcpu=cortex-m4 -mfloat-abi=softfp -mfpu=fpv4-sp-d16 -std=gnu11 -DUSE_STM32F4_DISCOVERY -DHSE_VALUE=8000000 -DSTM32F4XX -DUSE_STDPERIPH_DRIVER -I../src -I../Libraries/CMSIS/Include -I../Libraries/Device/STM32F4xx/Include -I../Libraries/STM32F4xx_StdPeriph_Driver/inc -I../Utilities/STM32F4-Discovery -I../FreeRTOS_Source/include -I../FreeRTOS_Source/portable/GCC/ARM_CM4F -O0 -ffunction-sections -fdata-sections -g -fstack-usage -Wall -specs=nano.specs -o Libraries\STM32F4xx_StdPeriph_Driver\src\stm32f4xx_dbgmcu.o 
arm-atollic-eabi-gcc -c ..\FreeRTOS_Source\tasks.c -mthumb -mcpu=cortex-m4 -mfloat-abi=softfp -mfpu=fpv4-sp-d16 -std=gnu11 -DUSE_STM32F4_DISCOVERY -DHSE_VALUE=8000000 -DSTM32F4XX -DUSE_STDPERIPH_DRIVER -I../src -I../Libraries/CMSIS/Include -I../Libraries/Device/STM32F4xx/Include -I../Libraries/STM32F4xx_StdPeriph_Driver/inc -I../Utilities/STM32F4-Discovery -I../FreeRTOS_Source/include -I../FreeRTOS_Source/portable/GCC/ARM_CM4F -O0 -ffunction-sections -fdata-sections -g -fstack-usage -Wall -specs=nano.specs -o FreeRTOS_Source\tasks.o 
arm-atollic-eabi-gcc -c ..\Libraries\STM32F4xx_StdPeriph_Driver\src\stm32f4xx_rtc.c -mthumb -mcpu=cortex-m4 -mfloat-abi=softfp -mfpu=fpv4-sp-d16 -std=gnu11 -DUSE_STM32F4_DISCOVERY -DHSE_VALUE=8000000 -DSTM32F4XX -DUSE_STDPERIPH_DRIVER -I../src -I../Libraries/CMSIS/Include -I../Libraries/Device/STM32F4xx/Include -I../Libraries/STM32F4xx_StdPeriph_Driver/inc -I../Utilities/STM32F4-Discovery -I../FreeRTOS_Source/include -I../FreeRTOS_Source/portable/GCC/ARM_CM4F -O0 -ffunction-sections -fdata-sections -g -fstack-usage -Wall -specs=nano.specs -o Libraries\STM32F4xx_StdPeriph_Driver\src\stm32f4xx_rtc.o 
arm-atollic-eabi-gcc -c ..\Libraries\STM32F4xx_StdPeriph_Driver\src\stm32f4xx_hash_sha1.c -mthumb -mcpu=cortex-m4 -mfloat-abi=softfp -mfpu=fpv4-sp-d16 -std=gnu11 -DUSE_STM32F4_DISCOVERY -DHSE_VALUE=8000000 -DSTM32F4XX -DUSE_STDPERIPH_DRIVER -I../src -I../Libraries/CMSIS/Include -I../Libraries/Device/STM32F4xx/Include -I../Libraries/STM32F4xx_StdPeriph_Driver/inc -I../Utilities/STM32F4-Discovery -I../FreeRTOS_Source/include -I../FreeRTOS_Source/portable/GCC/ARM_CM4F -O0 -ffunction-sections -fdata-sections -g -fstack-usage -Wall -specs=nano.specs -o Libraries\STM32F4xx_StdPeriph_Driver\src\stm32f4xx_hash_sha1.o 
arm-atollic-eabi-gcc -c ..\src\main.c -mthumb -mcpu=cortex-m4 -mfloat-abi=softfp -mfpu=fpv4-sp-d16 -std=gnu11 -DUSE_STM32F4_DISCOVERY -DHSE_VALUE=8000000 -DSTM32F4XX -DUSE_STDPERIPH_DRIVER -I../src -I../Libraries/CMSIS/Include -I../Libraries/Device/STM32F4xx/Include -I../Libraries/STM32F4xx_StdPeriph_Driver/inc -I../Utilities/STM32F4-Discovery -I../FreeRTOS_Source/include -I../FreeRTOS_Source/portable/GCC/ARM_CM4F -O0 -ffunction-sections -fdata-sections -g -fstack-usage -Wall -specs=nano.specs -o src\main.o 
..\src\main.c: In function 'DD_Generator_Task':
..\src\main.c:177:16: warning: unused variable 'x' [-Wunused-variable]
   TaskHandle_t x = dd_tcreate(TaskParam);
                ^
..\src\main.c: In function 'DD_Monitor_Task':
..\src\main.c:188:17: warning: unused variable 'param' [-Wunused-variable]
  ListContainer* param = (ListContainer* )pvParameters;
                 ^~~~~
arm-atollic-eabi-gcc -c ..\Libraries\STM32F4xx_StdPeriph_Driver\src\stm32f4xx_hash.c -mthumb -mcpu=cortex-m4 -mfloat-abi=softfp -mfpu=fpv4-sp-d16 -std=gnu11 -DUSE_STM32F4_DISCOVERY -DHSE_VALUE=8000000 -DSTM32F4XX -DUSE_STDPERIPH_DRIVER -I../src -I../Libraries/CMSIS/Include -I../Libraries/Device/STM32F4xx/Include -I../Libraries/STM32F4xx_StdPeriph_Driver/inc -I../Utilities/STM32F4-Discovery -I../FreeRTOS_Source/include -I../FreeRTOS_Source/portable/GCC/ARM_CM4F -O0 -ffunction-sections -fdata-sections -g -fstack-usage -Wall -specs=nano.specs -o Libraries\STM32F4xx_StdPeriph_Driver\src\stm32f4xx_hash.o 
arm-atollic-eabi-gcc -c ..\src\syscalls.c -mthumb -mcpu=cortex-m4 -mfloat-abi=softfp -mfpu=fpv4-sp-d16 -std=gnu11 -DUSE_STM32F4_DISCOVERY -DHSE_VALUE=8000000 -DSTM32F4XX -DUSE_STDPERIPH_DRIVER -I../src -I../Libraries/CMSIS/Include -I../Libraries/Device/STM32F4xx/Include -I../Libraries/STM32F4xx_StdPeriph_Driver/inc -I../Utilities/STM32F4-Discovery -I../FreeRTOS_Source/include -I../FreeRTOS_Source/portable/GCC/ARM_CM4F -O0 -ffunction-sections -fdata-sections -g -fstack-usage -Wall -specs=nano.specs -o src\syscalls.o 
arm-atollic-eabi-gcc -c ..\FreeRTOS_Source\event_groups.c -mthumb -mcpu=cortex-m4 -mfloat-abi=softfp -mfpu=fpv4-sp-d16 -std=gnu11 -DUSE_STM32F4_DISCOVERY -DHSE_VALUE=8000000 -DSTM32F4XX -DUSE_STDPERIPH_DRIVER -I../src -I../Libraries/CMSIS/Include -I../Libraries/Device/STM32F4xx/Include -I../Libraries/STM32F4xx_StdPeriph_Driver/inc -I../Utilities/STM32F4-Discovery -I../FreeRTOS_Source/include -I../FreeRTOS_Source/portable/GCC/ARM_CM4F -O0 -ffunction-sections -fdata-sections -g -fstack-usage -Wall -specs=nano.specs -o FreeRTOS_Source\event_groups.o 
arm-atollic-eabi-gcc -c ..\Libraries\STM32F4xx_StdPeriph_Driver\src\stm32f4xx_cryp_des.c -mthumb -mcpu=cortex-m4 -mfloat-abi=softfp -mfpu=fpv4-sp-d16 -std=gnu11 -DUSE_STM32F4_DISCOVERY -DHSE_VALUE=8000000 -DSTM32F4XX -DUSE_STDPERIPH_DRIVER -I../src -I../Libraries/CMSIS/Include -I../Libraries/Device/STM32F4xx/Include -I../Libraries/STM32F4xx_StdPeriph_Driver/inc -I../Utilities/STM32F4-Discovery -I../FreeRTOS_Source/include -I../FreeRTOS_Source/portable/GCC/ARM_CM4F -O0 -ffunction-sections -fdata-sections -g -fstack-usage -Wall -specs=nano.specs -o Libraries\STM32F4xx_StdPeriph_Driver\src\stm32f4xx_cryp_des.o 
arm-atollic-eabi-gcc -c ..\Libraries\STM32F4xx_StdPeriph_Driver\src\stm32f4xx_cryp_tdes.c -mthumb -mcpu=cortex-m4 -mfloat-abi=softfp -mfpu=fpv4-sp-d16 -std=gnu11 -DUSE_STM32F4_DISCOVERY -DHSE_VALUE=8000000 -DSTM32F4XX -DUSE_STDPERIPH_DRIVER -I../src -I../Libraries/CMSIS/Include -I../Libraries/Device/STM32F4xx/Include -I../Libraries/STM32F4xx_StdPeriph_Driver/inc -I../Utilities/STM32F4-Discovery -I../FreeRTOS_Source/include -I../FreeRTOS_Source/portable/GCC/ARM_CM4F -O0 -ffunction-sections -fdata-sections -g -fstack-usage -Wall -specs=nano.specs -o Libraries\STM32F4xx_StdPeriph_Driver\src\stm32f4xx_cryp_tdes.o 
arm-atollic-eabi-gcc -c ..\Utilities\STM32F4-Discovery\stm32f4_discovery.c -mthumb -mcpu=cortex-m4 -mfloat-abi=softfp -mfpu=fpv4-sp-d16 -std=gnu11 -DUSE_STM32F4_DISCOVERY -DHSE_VALUE=8000000 -DSTM32F4XX -DUSE_STDPERIPH_DRIVER -I../src -I../Libraries/CMSIS/Include -I../Libraries/Device/STM32F4xx/Include -I../Libraries/STM32F4xx_StdPeriph_Driver/inc -I../Utilities/STM32F4-Discovery -I../FreeRTOS_Source/include -I../FreeRTOS_Source/portable/GCC/ARM_CM4F -O0 -ffunction-sections -fdata-sections -g -fstack-usage -Wall -specs=nano.specs -o Utilities\STM32F4-Discovery\stm32f4_discovery.o 
arm-atollic-eabi-gcc -c ..\src\dd_scheduler.c -mthumb -mcpu=cortex-m4 -mfloat-abi=softfp -mfpu=fpv4-sp-d16 -std=gnu11 -DUSE_STM32F4_DISCOVERY -DHSE_VALUE=8000000 -DSTM32F4XX -DUSE_STDPERIPH_DRIVER -I../src -I../Libraries/CMSIS/Include -I../Libraries/Device/STM32F4xx/Include -I../Libraries/STM32F4xx_StdPeriph_Driver/inc -I../Utilities/STM32F4-Discovery -I../FreeRTOS_Source/include -I../FreeRTOS_Source/portable/GCC/ARM_CM4F -O0 -ffunction-sections -fdata-sections -g -fstack-usage -Wall -specs=nano.specs -o src\dd_scheduler.o 
..\src\dd_scheduler.c: In function 'dd_delete':
..\src\dd_scheduler.c:91:35: warning: format '%d' expects argument of type 'int', but argument 2 has type 'uint32_t {aka long unsigned int}' [-Wformat=]
  printf("Deleted Task, returning %d\n", Message.DeleteResponse.retval);
                                   ^
arm-atollic-eabi-gcc -c ..\Libraries\STM32F4xx_StdPeriph_Driver\src\stm32f4xx_can.c -mthumb -mcpu=cortex-m4 -mfloat-abi=softfp -mfpu=fpv4-sp-d16 -std=gnu11 -DUSE_STM32F4_DISCOVERY -DHSE_VALUE=8000000 -DSTM32F4XX -DUSE_STDPERIPH_DRIVER -I../src -I../Libraries/CMSIS/Include -I../Libraries/Device/STM32F4xx/Include -I../Libraries/STM32F4xx_StdPeriph_Driver/inc -I../Utilities/STM32F4-Discovery -I../FreeRTOS_Source/include -I../FreeRTOS_Source/portable/GCC/ARM_CM4F -O0 -ffunction-sections -fdata-sections -g -fstack-usage -Wall -specs=nano.specs -o Libraries\STM32F4xx_StdPeriph_Driver\src\stm32f4xx_can.o 
arm-atollic-eabi-gcc -c ..\src\tiny_printf.c -mthumb -mcpu=cortex-m4 -mfloat-abi=softfp -mfpu=fpv4-sp-d16 -std=gnu11 -DUSE_STM32F4_DISCOVERY -DHSE_VALUE=8000000 -DSTM32F4XX -DUSE_STDPERIPH_DRIVER -I../src -I../Libraries/CMSIS/Include -I../Libraries/Device/STM32F4xx/Include -I../Libraries/STM32F4xx_StdPeriph_Driver/inc -I../Utilities/STM32F4-Discovery -I../FreeRTOS_Source/include -I../FreeRTOS_Source/portable/GCC/ARM_CM4F -O0 -ffunction-sections -fdata-sections -g -fstack-usage -Wall -specs=nano.specs -o src\tiny_printf.o 
arm-atollic-eabi-gcc -o EDF_Scheduler_Project.elf FreeRTOS_Source\croutine.o FreeRTOS_Source\event_groups.o FreeRTOS_Source\list.o FreeRTOS_Source\portable\GCC\ARM_CM4F\port.o FreeRTOS_Source\portable\MemMang\heap_4.o FreeRTOS_Source\queue.o FreeRTOS_Source\tasks.o FreeRTOS_Source\timers.o Libraries\STM32F4xx_StdPeriph_Driver\src\misc.o Libraries\STM32F4xx_StdPeriph_Driver\src\stm32f4xx_adc.o Libraries\STM32F4xx_StdPeriph_Driver\src\stm32f4xx_can.o Libraries\STM32F4xx_StdPeriph_Driver\src\stm32f4xx_crc.o Libraries\STM32F4xx_StdPeriph_Driver\src\stm32f4xx_cryp.o Libraries\STM32F4xx_StdPeriph_Driver\src\stm32f4xx_cryp_aes.o Libraries\STM32F4xx_StdPeriph_Driver\src\stm32f4xx_cryp_des.o Libraries\STM32F4xx_StdPeriph_Driver\src\stm32f4xx_cryp_tdes.o Libraries\STM32F4xx_StdPeriph_Driver\src\stm32f4xx_dac.o Libraries\STM32F4xx_StdPeriph_Driver\src\stm32f4xx_dbgmcu.o Libraries\STM32F4xx_StdPeriph_Driver\src\stm32f4xx_dcmi.o Libraries\STM32F4xx_StdPeriph_Driver\src\stm32f4xx_dma.o Libraries\STM32F4xx_StdPeriph_Driver\src\stm32f4xx_exti.o Libraries\STM32F4xx_StdPeriph_Driver\src\stm32f4xx_flash.o Libraries\STM32F4xx_StdPeriph_Driver\src\stm32f4xx_fsmc.o Libraries\STM32F4xx_StdPeriph_Driver\src\stm32f4xx_gpio.o Libraries\STM32F4xx_StdPeriph_Driver\src\stm32f4xx_hash.o Libraries\STM32F4xx_StdPeriph_Driver\src\stm32f4xx_hash_md5.o Libraries\STM32F4xx_StdPeriph_Driver\src\stm32f4xx_hash_sha1.o Libraries\STM32F4xx_StdPeriph_Driver\src\stm32f4xx_i2c.o Libraries\STM32F4xx_StdPeriph_Driver\src\stm32f4xx_iwdg.o Libraries\STM32F4xx_StdPeriph_Driver\src\stm32f4xx_pwr.o Libraries\STM32F4xx_StdPeriph_Driver\src\stm32f4xx_rcc.o Libraries\STM32F4xx_StdPeriph_Driver\src\stm32f4xx_rng.o Libraries\STM32F4xx_StdPeriph_Driver\src\stm32f4xx_rtc.o Libraries\STM32F4xx_StdPeriph_Driver\src\stm32f4xx_sdio.o Libraries\STM32F4xx_StdPeriph_Driver\src\stm32f4xx_spi.o Libraries\STM32F4xx_StdPeriph_Driver\src\stm32f4xx_syscfg.o Libraries\STM32F4xx_StdPeriph_Driver\src\stm32f4xx_tim.o Libraries\STM32F4xx_StdPeriph_Driver\src\stm32f4xx_usart.o Libraries\STM32F4xx_StdPeriph_Driver\src\stm32f4xx_wwdg.o Utilities\STM32F4-Discovery\stm32f4_discovery.o Utilities\STM32F4-Discovery\stm32f4_discovery_audio_codec.o Utilities\STM32F4-Discovery\stm32f4_discovery_lis302dl.o src\STM32F4-Discovery_callback.o src\dd_scheduler.o src\list.o src\main.o src\rtos_hooks.o src\startup_stm32f4xx.o src\stm32f4xx_it.o src\syscalls.o src\system_stm32f4xx.o src\tiny_printf.o -lm -mthumb -mcpu=cortex-m4 -mfloat-abi=softfp -mfpu=fpv4-sp-d16 -T../stm32f4_flash.ld -specs=nosys.specs -static -Wl,-cref,-u,Reset_Handler -Wl,-Map=EDF_Scheduler_Project.map -Wl,--gc-sections -Wl,--defsym=malloc_getpagesize_P=0x80 -Wl,--start-group -lc -lm -Wl,--end-group -specs=nano.specs 
C:\Program Files (x86)\Atollic\TrueSTUDIO for STM32 9.1.0\ide\jre\bin\java -jar C:\Program Files (x86)\Atollic\TrueSTUDIO for STM32 9.1.0\Tools\arm-atollic-reports.jar sizeinfo list EDF_Scheduler_Project.elf 
Generate build reports...
Print size information
   text	   data	    bss	    dec	    hex	filename
  18372	    132	   9320	  27824	   6cb0	EDF_Scheduler_Project.elf
Print size information done
Generate listing file
Output sent to: EDF_Scheduler_Project.list
Generate listing file done
Generate build reports done
13:36:44 **** Incremental Build of configuration Debug for project EDF_Scheduler_Project ****
Info: Internal Builder is used for build
arm-atollic-eabi-gcc -c ..\src\main.c -mthumb -mcpu=cortex-m4 -mfloat-abi=softfp -mfpu=fpv4-sp-d16 -std=gnu11 -DUSE_STM32F4_DISCOVERY -DHSE_VALUE=8000000 -DSTM32F4XX -DUSE_STDPERIPH_DRIVER -I../src -I../Libraries/CMSIS/Include -I../Libraries/Device/STM32F4xx/Include -I../Libraries/STM32F4xx_StdPeriph_Driver/inc -I../Utilities/STM32F4-Discovery -I../FreeRTOS_Source/include -I../FreeRTOS_Source/portable/GCC/ARM_CM4F -O0 -ffunction-sections -fdata-sections -g -fstack-usage -Wall -specs=nano.specs -o src\main.o 
..\src\main.c: In function 'DD_Generator_Task':
..\src\main.c:175:16: warning: unused variable 'x' [-Wunused-variable]
   TaskHandle_t x = dd_tcreate(TaskParam);
                ^
..\src\main.c: In function 'DD_Monitor_Task':
..\src\main.c:186:17: warning: unused variable 'param' [-Wunused-variable]
  ListContainer* param = (ListContainer* )pvParameters;
                 ^~~~~
arm-atollic-eabi-gcc -o EDF_Scheduler_Project.elf FreeRTOS_Source\croutine.o FreeRTOS_Source\event_groups.o FreeRTOS_Source\list.o FreeRTOS_Source\portable\GCC\ARM_CM4F\port.o FreeRTOS_Source\portable\MemMang\heap_4.o FreeRTOS_Source\queue.o FreeRTOS_Source\tasks.o FreeRTOS_Source\timers.o Libraries\STM32F4xx_StdPeriph_Driver\src\misc.o Libraries\STM32F4xx_StdPeriph_Driver\src\stm32f4xx_adc.o Libraries\STM32F4xx_StdPeriph_Driver\src\stm32f4xx_can.o Libraries\STM32F4xx_StdPeriph_Driver\src\stm32f4xx_crc.o Libraries\STM32F4xx_StdPeriph_Driver\src\stm32f4xx_cryp.o Libraries\STM32F4xx_StdPeriph_Driver\src\stm32f4xx_cryp_aes.o Libraries\STM32F4xx_StdPeriph_Driver\src\stm32f4xx_cryp_des.o Libraries\STM32F4xx_StdPeriph_Driver\src\stm32f4xx_cryp_tdes.o Libraries\STM32F4xx_StdPeriph_Driver\src\stm32f4xx_dac.o Libraries\STM32F4xx_StdPeriph_Driver\src\stm32f4xx_dbgmcu.o Libraries\STM32F4xx_StdPeriph_Driver\src\stm32f4xx_dcmi.o Libraries\STM32F4xx_StdPeriph_Driver\src\stm32f4xx_dma.o Libraries\STM32F4xx_StdPeriph_Driver\src\stm32f4xx_exti.o Libraries\STM32F4xx_StdPeriph_Driver\src\stm32f4xx_flash.o Libraries\STM32F4xx_StdPeriph_Driver\src\stm32f4xx_fsmc.o Libraries\STM32F4xx_StdPeriph_Driver\src\stm32f4xx_gpio.o Libraries\STM32F4xx_StdPeriph_Driver\src\stm32f4xx_hash.o Libraries\STM32F4xx_StdPeriph_Driver\src\stm32f4xx_hash_md5.o Libraries\STM32F4xx_StdPeriph_Driver\src\stm32f4xx_hash_sha1.o Libraries\STM32F4xx_StdPeriph_Driver\src\stm32f4xx_i2c.o Libraries\STM32F4xx_StdPeriph_Driver\src\stm32f4xx_iwdg.o Libraries\STM32F4xx_StdPeriph_Driver\src\stm32f4xx_pwr.o Libraries\STM32F4xx_StdPeriph_Driver\src\stm32f4xx_rcc.o Libraries\STM32F4xx_StdPeriph_Driver\src\stm32f4xx_rng.o Libraries\STM32F4xx_StdPeriph_Driver\src\stm32f4xx_rtc.o Libraries\STM32F4xx_StdPeriph_Driver\src\stm32f4xx_sdio.o Libraries\STM32F4xx_StdPeriph_Driver\src\stm32f4xx_spi.o Libraries\STM32F4xx_StdPeriph_Driver\src\stm32f4xx_syscfg.o Libraries\STM32F4xx_StdPeriph_Driver\src\stm32f4xx_tim.o Libraries\STM32F4xx_StdPeriph_Driver\src\stm32f4xx_usart.o Libraries\STM32F4xx_StdPeriph_Driver\src\stm32f4xx_wwdg.o Utilities\STM32F4-Discovery\stm32f4_discovery.o Utilities\STM32F4-Discovery\stm32f4_discovery_audio_codec.o Utilities\STM32F4-Discovery\stm32f4_discovery_lis302dl.o src\STM32F4-Discovery_callback.o src\dd_scheduler.o src\list.o src\main.o src\rtos_hooks.o src\startup_stm32f4xx.o src\stm32f4xx_it.o src\syscalls.o src\system_stm32f4xx.o src\tiny_printf.o -lm -mthumb -mcpu=cortex-m4 -mfloat-abi=softfp -mfpu=fpv4-sp-d16 -T../stm32f4_flash.ld -specs=nosys.specs -static -Wl,-cref,-u,Reset_Handler -Wl,-Map=EDF_Scheduler_Project.map -Wl,--gc-sections -Wl,--defsym=malloc_getpagesize_P=0x80 -Wl,--start-group -lc -lm -Wl,--end-group -specs=nano.specs 
C:\Program Files (x86)\Atollic\TrueSTUDIO for STM32 9.1.0\ide\jre\bin\java -jar C:\Program Files (x86)\Atollic\TrueSTUDIO for STM32 9.1.0\Tools\arm-atollic-reports.jar sizeinfo list EDF_Scheduler_Project.elf 
Generate build reports...
Print size information
   text	   data	    bss	    dec	    hex	filename
  18372	    132	   9320	  27824	   6cb0	EDF_Scheduler_Project.elf
Print size information done
Generate listing file
Output sent to: EDF_Scheduler_Project.list
Generate listing file done
Generate build reports done
Info: Nothing to build for EDF_Scheduler_Project
